                                 Started job on |	Sep 09 16:20:59
                             Started mapping on |	Sep 09 16:21:00
                                    Finished on |	Sep 09 16:21:01
       Mapping speed, Million of reads per hour |	108.00

                          Number of input reads |	30000
                      Average input read length |	152
                                    UNIQUE READS:
                   Uniquely mapped reads number |	26113
                        Uniquely mapped reads % |	87.04%
                          Average mapped length |	151.78
                       Number of splices: Total |	1645
            Number of splices: Annotated (sjdb) |	1636
                       Number of splices: GT/AG |	1639
                       Number of splices: GC/AG |	2
                       Number of splices: AT/AC |	0
               Number of splices: Non-canonical |	4
                      Mismatch rate per base, % |	0.11%
                         Deletion rate per base |	0.00%
                        Deletion average length |	1.19
                        Insertion rate per base |	0.00%
                       Insertion average length |	1.13
                             MULTI-MAPPING READS:
        Number of reads mapped to multiple loci |	2787
             % of reads mapped to multiple loci |	9.29%
        Number of reads mapped to too many loci |	103
             % of reads mapped to too many loci |	0.34%
                                  UNMAPPED READS:
  Number of reads unmapped: too many mismatches |	0
       % of reads unmapped: too many mismatches |	0.00%
            Number of reads unmapped: too short |	997
                 % of reads unmapped: too short |	3.32%
                Number of reads unmapped: other |	0
                     % of reads unmapped: other |	0.00%
                                  CHIMERIC READS:
                       Number of chimeric reads |	0
                            % of chimeric reads |	0.00%
