                                 Started job on |	Sep 09 16:21:33
                             Started mapping on |	Sep 09 16:21:36
                                    Finished on |	Sep 09 16:21:38
       Mapping speed, Million of reads per hour |	54.00

                          Number of input reads |	30000
                      Average input read length |	152
                                    UNIQUE READS:
                   Uniquely mapped reads number |	23660
                        Uniquely mapped reads % |	78.87%
                          Average mapped length |	151.75
                       Number of splices: Total |	626
            Number of splices: Annotated (sjdb) |	612
                       Number of splices: GT/AG |	622
                       Number of splices: GC/AG |	1
                       Number of splices: AT/AC |	0
               Number of splices: Non-canonical |	3
                      Mismatch rate per base, % |	0.09%
                         Deletion rate per base |	0.00%
                        Deletion average length |	1.17
                        Insertion rate per base |	0.00%
                       Insertion average length |	1.26
                             MULTI-MAPPING READS:
        Number of reads mapped to multiple loci |	4420
             % of reads mapped to multiple loci |	14.73%
        Number of reads mapped to too many loci |	47
             % of reads mapped to too many loci |	0.16%
                                  UNMAPPED READS:
  Number of reads unmapped: too many mismatches |	0
       % of reads unmapped: too many mismatches |	0.00%
            Number of reads unmapped: too short |	1873
                 % of reads unmapped: too short |	6.24%
                Number of reads unmapped: other |	0
                     % of reads unmapped: other |	0.00%
                                  CHIMERIC READS:
                       Number of chimeric reads |	0
                            % of chimeric reads |	0.00%
